// Jest Snapshot v1, https://goo.gl/fbAQLP

exports[`Tab tests should mount Tab properly 1`] = `ShallowWrapper {}`;

exports[`Tab tests should render Tab properly 1`] = `ShallowWrapper {}`;

exports[`Tab tests should render Tab properly 2`] = `ShallowWrapper {}`;
